1 
1 3 
1 2 3 
1 3 
1 2 3 4 5 6 7 
5 is eliminated
3 is eliminated
2 is eliminated
4 is eliminated
7 is eliminated
1 is eliminated
winner is 6
5 is eliminated
1 is eliminated
3 is eliminated
4 is eliminated
winner is 2
2 is eliminated
3 is eliminated
5 is eliminated
1 is eliminated
winner is 4
2 is eliminated
4 is eliminated
6 is eliminated
8 is eliminated
10 is eliminated
12 is eliminated
1 is eliminated
5 is eliminated
9 is eliminated
13 is eliminated
7 is eliminated
3 is eliminated
winner is 11
ok
